// Jest Snapshot v1, https://goo.gl/fbAQLP

exports[`render with props without blowing up 1`] = `
<div
  className="messages"
>
  <MessageContent
    header={
      <div
        className="condensed-header"
      >
        <h2
          className="message-header"
        >
          text...
        </h2>
        <span
          className="expand-hide"
          onClick={[Function]}
        >
          More details
        </span>
      </div>
    }
    message={
      Object {
        "body": "text",
        "id": "text",
        "subject": "more text",
        "threadId": "even more text",
        "wordCount": 198,
      }
    }
  />
  <Modal
    ariaHideApp={true}
    bodyOpenClassName="ReactModal__Body--open"
    className="modal"
    closeTimeoutMS={0}
    isOpen={false}
    onRequestClose={[Function]}
    overlayClassName="modal-overlay"
    parentSelector={[Function]}
    portalClassName="ReactModalPortal"
    role="dialog"
    shouldCloseOnEsc={true}
    shouldCloseOnOverlayClick={true}
    shouldFocusAfterRender={true}
    shouldReturnFocusAfterClose={true}
  >
    <MessageContent
      closeModal={[Function]}
      fullDetails={true}
      header="text"
      message={
        Object {
          "body": "text",
          "id": "text",
          "subject": "more text",
          "threadId": "even more text",
          "wordCount": 198,
        }
      }
    />
  </Modal>
</div>
`;
